// Jest Snapshot v1, https://goo.gl/fbAQLP

exports[`App displays dashboard if user is signed in: app-loading 1`] = `
<div>
  <svg
    class="sc-gKAaRy iMvhJB"
    data-testid="loading-animation"
    preserveAspectRatio="xMidYMid"
    viewBox="0 0 100 100"
  >
    <circle
      class="sc-iCoGMd iEiTVC"
      cx="50"
      cy="50"
      r="32"
      stroke-dasharray="50.26548245743669 50.26548245743669"
    >
      <animatetransform
        attributeName="transform"
        dur="1s"
        keyTimes="0;1"
        repeatCount="indefinite"
        type="rotate"
        values="0 50 50;360 50 50"
      />
    </circle>
    <circle
      class="sc-iCoGMd nHcLQ"
      cx="50"
      cy="50"
      r="26"
      stroke-dasharray="40.840704496667314 40.840704496667314"
      stroke-dashoffset="40.840704496667314"
    >
      <animatetransform
        attributeName="transform"
        dur="1s"
        keyTimes="0;1"
        repeatCount="indefinite"
        type="rotate"
        values="0 50 50;-360 50 50"
      />
    </circle>
  </svg>
</div>
`;

exports[`App displays dashboard if user is signed in: dashboard-page 1`] = `
<div>
  <div
    class="sc-bdnxRM jopmEo"
  >
    <div
      class="sc-bdnxRM eXUoTH"
    >
      <a
        class="sc-fujyAs JsHRD"
        css="
    ,
        font-size: ,1.25rem,;
        line-height: ,2rem,;
        font-weight: ,300,;
        font-family: \\"Ubuntu\\", sans-serif;
        color: ,var(--color-foreground),;
        text-transform: ,uppercase,;
    ,
    margin: ,1rem, ,2rem, ,6rem,;
    padding-bottom: ,1rem,;
    text-align: center;
"
        href="/"
      >
        Flight History
      </a>
      <nav
        class="nav"
      >
        <a
          aria-current="page"
          class="navItem active"
          href="/"
        >
          <div
            class="iconContainer"
          >
            <svg
              class="sc-gKAaRy sJbFD"
              viewBox="0 0 24 24"
            >
              <path
                d="M0 0h24v24H0V0z"
                fill="none"
              />
              <path
                d="M4 13h6c.55 0 1-.45 1-1V4c0-.55-.45-1-1-1H4c-.55 0-1 .45-1 1v8c0 .55.45 1 1 1zm0 8h6c.55 0 1-.45 1-1v-4c0-.55-.45-1-1-1H4c-.55 0-1 .45-1 1v4c0 .55.45 1 1 1zm10 0h6c.55 0 1-.45 1-1v-8c0-.55-.45-1-1-1h-6c-.55 0-1 .45-1 1v8c0 .55.45 1 1 1zM13 4v4c0 .55.45 1 1 1h6c.55 0 1-.45 1-1V4c0-.55-.45-1-1-1h-6c-.55 0-1 .45-1 1z"
              />
            </svg>
          </div>
          Dashboard
        </a>
        <a
          class="navItem"
          href="/flights"
        >
          <div
            class="iconContainer"
          >
            <svg
              class="sc-gKAaRy sJbFD"
              viewBox="0 0 24 24"
            >
              <g>
                <path
                  d="M0,0h24v24H0V0z"
                  fill="none"
                />
              </g>
              <g>
                <path
                  d="M20.19,4H4C2.9,4,2.01,4.9,2.01,6v4C3.11,10,4,10.9,4,12s-0.89,2-2,2v4c0,1.1,0.9,2,2,2h16c1.1,0,2-0.9,2-2V6 C22,4.9,21.19,4,20.19,4z M17.73,13.3l-8.49,2.26c-0.22,0.06-0.45-0.04-0.56-0.23l-1.12-1.95c-0.18-0.3-0.01-0.69,0.32-0.78h0 c0.16-0.04,0.34-0.01,0.47,0.1l1.05,0.82l2.39-0.64L9.9,9.6c-0.26-0.44-0.02-1.01,0.47-1.15l0,0c0.26-0.07,0.54,0,0.74,0.18 l3.69,3.44l2.44-0.65c0.51-0.14,1.04,0.17,1.18,0.68C18.55,12.62,18.25,13.15,17.73,13.3z"
                />
              </g>
            </svg>
          </div>
          Flights
        </a>
        <a
          class="navItem"
          href="/airports"
        >
          <div
            class="iconContainer"
          >
            <svg
              class="sc-gKAaRy sJbFD"
              viewBox="0 0 24 24"
            >
              <g>
                <rect
                  fill="none"
                  height="24"
                  width="24"
                  y="0"
                />
              </g>
              <g>
                <path
                  d="M12,2c-4.2,0-8,3.22-8,8.2c0,3.18,2.45,6.92,7.34,11.23c0.38,0.33,0.95,0.33,1.33,0 C17.55,17.12,20,13.38,20,10.2C20,5.22,16.2,2,12,2z M12,12c-1.1,0-2-0.9-2-2c0-1.1,0.9-2,2-2c1.1,0,2,0.9,2,2 C14,11.1,13.1,12,12,12z"
                />
              </g>
            </svg>
          </div>
          Airports
        </a>
        <a
          class="navItem"
          href="/aircraft"
        >
          <div
            class="iconContainer"
          >
            <svg
              class="sc-gKAaRy sJbFD"
              viewBox="0 0 24 24"
            >
              <path
                d="M0 0h24v24H0V0z"
                fill="none"
              />
              <path
                d="M21 14.58c0-.36-.19-.69-.49-.89L13 9V3.5c0-.83-.67-1.5-1.5-1.5S10 2.67 10 3.5V9l-7.51 4.69c-.3.19-.49.53-.49.89 0 .7.68 1.21 1.36 1L10 13.5V19l-1.8 1.35c-.13.09-.2.24-.2.4v.59c0 .33.32.57.64.48L11.5 21l2.86.82c.32.09.64-.15.64-.48v-.59c0-.16-.07-.31-.2-.4L13 19v-5.5l6.64 2.08c.68.21 1.36-.3 1.36-1z"
              />
            </svg>
          </div>
          Aircraft
        </a>
        <a
          class="navItem"
          href="/airlines"
        >
          <div
            class="iconContainer"
          >
            <svg
              class="sc-gKAaRy sJbFD"
              viewBox="0 0 24 24"
            >
              <rect
                fill="none"
                height="24"
                width="24"
                y="0"
              />
              <path
                d="M19.59,4h-5.01c-0.99,0-1.91,0.49-2.47,1.3L2,20h17l2.56-13.63C21.79,5.14,20.84,4,19.59,4z M14.5,14 c-1.38,0-2.5-1.12-2.5-2.5c0-1.38,1.12-2.5,2.5-2.5s2.5,1.12,2.5,2.5C17,12.88,15.88,14,14.5,14z"
              />
            </svg>
          </div>
          Airlines
        </a>
      </nav>
    </div>
    <div
      class="sc-bdnxRM UA-Dih"
    >
      <header
        class="sc-gtsrHT eQLWfg"
      >
        <h1
          class="sc-dlnjwi jTPWQM"
          data-testid="page-title"
        >
          Dashboard
        </h1>
      </header>
      <main
        class="sc-eCApnc krkCEB"
      >
        Hello!
      </main>
    </div>
  </div>
</div>
`;

exports[`App displays sign in page if user is not signed in: app-loading 1`] = `
<div>
  <svg
    class="sc-gKAaRy iMvhJB"
    data-testid="loading-animation"
    preserveAspectRatio="xMidYMid"
    viewBox="0 0 100 100"
  >
    <circle
      class="sc-iCoGMd iEiTVC"
      cx="50"
      cy="50"
      r="32"
      stroke-dasharray="50.26548245743669 50.26548245743669"
    >
      <animatetransform
        attributeName="transform"
        dur="1s"
        keyTimes="0;1"
        repeatCount="indefinite"
        type="rotate"
        values="0 50 50;360 50 50"
      />
    </circle>
    <circle
      class="sc-iCoGMd nHcLQ"
      cx="50"
      cy="50"
      r="26"
      stroke-dasharray="40.840704496667314 40.840704496667314"
      stroke-dashoffset="40.840704496667314"
    >
      <animatetransform
        attributeName="transform"
        dur="1s"
        keyTimes="0;1"
        repeatCount="indefinite"
        type="rotate"
        values="0 50 50;-360 50 50"
      />
    </circle>
  </svg>
</div>
`;

exports[`App displays sign in page if user is not signed in: sign-in-page 1`] = `
<div>
  <main
    class="main"
  >
    <section
      class="section"
    >
      <h1
        class="title"
        data-testid="page-title"
      >
        Sign In
      </h1>
      <form>
        <label
          class="field"
        >
          <span
            class="label"
          >
            Email
          </span>
          <input
            class="input"
            required=""
            type="email"
            value=""
          />
        </label>
        <label
          class="field"
        >
          <span
            class="label"
          >
            Password
          </span>
          <input
            class="input"
            required=""
            type="password"
            value=""
          />
        </label>
        <button
          class="button"
          disabled=""
          type="submit"
        >
          Sign In
        </button>
        <div
          class="errorMessage"
        />
      </form>
    </section>
  </main>
</div>
`;
