// Jest Snapshot v1, https://goo.gl/fbAQLP

exports[`NotFound Page matches snapshot 1`] = `
<div>
  <div>
    Sorry - that page doesn't exist
  </div>
</div>
`;
